Class: HelloFunctions
Uses:
 * java/lang/Object.<init> [()V]
Defines:
 * HelloFunctions.<init> [()V]
 * HelloFunctions.doBetter [(I)F]
