Class: Goodbye
Uses:
 * java/lang/Object.<init> [()V]
Defines:
 * Goodbye.<init> [()V]
